[debug] [2025-10-19T18:51:59.231Z] ----------------------------------------------------------------------
[debug] [2025-10-19T18:51:59.233Z] Command:       /opt/homebrew/Cellar/node/23.11.0/bin/node /opt/homebrew/bin/firebase deploy --only functions
[debug] [2025-10-19T18:51:59.234Z] CLI Version:   14.10.1
[debug] [2025-10-19T18:51:59.234Z] Platform:      darwin
[debug] [2025-10-19T18:51:59.234Z] Node Version:  v23.11.0
[debug] [2025-10-19T18:51:59.234Z] Time:          Sun Oct 19 2025 13:51:59 GMT-0500 (Central Daylight Time)
[debug] [2025-10-19T18:51:59.234Z] ----------------------------------------------------------------------
[debug] 
[debug] [2025-10-19T18:51:59.316Z] > command requires scopes: ["email","openid","https://www.googleapis.com/auth/cloudplatformprojects.readonly","https://www.googleapis.com/auth/firebase","https://www.googleapis.com/auth/cloud-platform"]
[debug] [2025-10-19T18:51:59.316Z] > authorizing via signed-in user (aastha.sheth@acmutd.co)
[debug] [2025-10-19T18:51:59.317Z] [iam] checking project meteormate for permissions ["cloudfunctions.functions.create","cloudfunctions.functions.delete","cloudfunctions.functions.get","cloudfunctions.functions.list","cloudfunctions.functions.update","cloudfunctions.operations.get","firebase.projects.get"]
[debug] [2025-10-19T18:51:59.317Z] Checked if tokens are valid: true, expires at: 1760903340705
[debug] [2025-10-19T18:51:59.317Z] Checked if tokens are valid: true, expires at: 1760903340705
[debug] [2025-10-19T18:51:59.317Z] >>> [apiv2][query] POST https://cloudresourcemanager.googleapis.com/v1/projects/meteormate:testIamPermissions [none]
[debug] [2025-10-19T18:51:59.317Z] >>> [apiv2][(partial)header] POST https://cloudresourcemanager.googleapis.com/v1/projects/meteormate:testIamPermissions x-goog-quota-user=projects/meteormate
[debug] [2025-10-19T18:51:59.317Z] >>> [apiv2][body] POST https://cloudresourcemanager.googleapis.com/v1/projects/meteormate:testIamPermissions {"permissions":["cloudfunctions.functions.create","cloudfunctions.functions.delete","cloudfunctions.functions.get","cloudfunctions.functions.list","cloudfunctions.functions.update","cloudfunctions.operations.get","firebase.projects.get"]}
[debug] [2025-10-19T18:51:59.456Z] <<< [apiv2][status] POST https://cloudresourcemanager.googleapis.com/v1/projects/meteormate:testIamPermissions 200
[debug] [2025-10-19T18:51:59.457Z] <<< [apiv2][body] POST https://cloudresourcemanager.googleapis.com/v1/projects/meteormate:testIamPermissions {"permissions":["cloudfunctions.functions.create","cloudfunctions.functions.delete","cloudfunctions.functions.get","cloudfunctions.functions.list","cloudfunctions.functions.update","cloudfunctions.operations.get","firebase.projects.get"]}
[debug] [2025-10-19T18:51:59.457Z] Checked if tokens are valid: true, expires at: 1760903340705
[debug] [2025-10-19T18:51:59.457Z] Checked if tokens are valid: true, expires at: 1760903340705
[debug] [2025-10-19T18:51:59.457Z] >>> [apiv2][query] POST https://iam.googleapis.com/v1/projects/meteormate/serviceAccounts/meteormate@appspot.gserviceaccount.com:testIamPermissions [none]
[debug] [2025-10-19T18:51:59.457Z] >>> [apiv2][body] POST https://iam.googleapis.com/v1/projects/meteormate/serviceAccounts/meteormate@appspot.gserviceaccount.com:testIamPermissions {"permissions":["iam.serviceAccounts.actAs"]}
[debug] [2025-10-19T18:51:59.615Z] <<< [apiv2][status] POST https://iam.googleapis.com/v1/projects/meteormate/serviceAccounts/meteormate@appspot.gserviceaccount.com:testIamPermissions 200
[debug] [2025-10-19T18:51:59.615Z] <<< [apiv2][body] POST https://iam.googleapis.com/v1/projects/meteormate/serviceAccounts/meteormate@appspot.gserviceaccount.com:testIamPermissions {"permissions":["iam.serviceAccounts.actAs"]}
[info] 
[info] === Deploying to 'meteormate'...
[info] 
[info] i  deploying functions 
[info] Running command: npm --prefix "$RESOURCE_DIR" run lint
[info] ✔  functions: Finished running predeploy script. 
[debug] [2025-10-19T18:51:59.785Z] Checked if tokens are valid: true, expires at: 1760903340705
[debug] [2025-10-19T18:51:59.785Z] Checked if tokens are valid: true, expires at: 1760903340705
[debug] [2025-10-19T18:51:59.785Z] >>> [apiv2][query] GET https://cloudresourcemanager.googleapis.com/v1/projects/meteormate [none]
[debug] [2025-10-19T18:51:59.898Z] <<< [apiv2][status] GET https://cloudresourcemanager.googleapis.com/v1/projects/meteormate 200
[debug] [2025-10-19T18:51:59.898Z] <<< [apiv2][body] GET https://cloudresourcemanager.googleapis.com/v1/projects/meteormate {"projectNumber":"820347775552","projectId":"meteormate","lifecycleState":"ACTIVE","name":"meteormate","labels":{"firebase":"enabled","firebase-core":"disabled"},"createTime":"2025-06-28T02:10:47.479Z","parent":{"type":"organization","id":"310226673576"}}
[info] i  functions: preparing codebase default for deployment 
[info] i  functions: ensuring required API cloudfunctions.googleapis.com is enabled... 
[info] i  functions: ensuring required API cloudbuild.googleapis.com is enabled... 
[info] i  artifactregistry: ensuring required API artifactregistry.googleapis.com is enabled... 
[debug] [2025-10-19T18:51:59.899Z] Checked if tokens are valid: true, expires at: 1760903340705
[debug] [2025-10-19T18:51:59.899Z] Checked if tokens are valid: true, expires at: 1760903340705
[debug] [2025-10-19T18:51:59.899Z] >>> [apiv2][query] GET https://firebase.googleapis.com/v1beta1/projects/meteormate/adminSdkConfig [none]
[debug] [2025-10-19T18:52:00.054Z] <<< [apiv2][status] GET https://firebase.googleapis.com/v1beta1/projects/meteormate/adminSdkConfig 200
[debug] [2025-10-19T18:52:00.054Z] <<< [apiv2][body] GET https://firebase.googleapis.com/v1beta1/projects/meteormate/adminSdkConfig {"projectId":"meteormate","storageBucket":"meteormate.firebasestorage.app"}
[debug] [2025-10-19T18:52:00.054Z] Checked if tokens are valid: true, expires at: 1760903340705
[debug] [2025-10-19T18:52:00.054Z] Checked if tokens are valid: true, expires at: 1760903340705
[debug] [2025-10-19T18:52:00.054Z] >>> [apiv2][query] GET https://runtimeconfig.googleapis.com/v1beta1/projects/meteormate/configs [none]
[debug] [2025-10-19T18:52:00.197Z] <<< [apiv2][status] GET https://runtimeconfig.googleapis.com/v1beta1/projects/meteormate/configs 200
[debug] [2025-10-19T18:52:00.198Z] <<< [apiv2][body] GET https://runtimeconfig.googleapis.com/v1beta1/projects/meteormate/configs {"configs":[{"name":"projects/meteormate/configs/smtp"}]}
[debug] [2025-10-19T18:52:00.198Z] Checked if tokens are valid: true, expires at: 1760903340705
[debug] [2025-10-19T18:52:00.198Z] Checked if tokens are valid: true, expires at: 1760903340705
[debug] [2025-10-19T18:52:00.198Z] >>> [apiv2][query] GET https://runtimeconfig.googleapis.com/v1beta1/projects/meteormate/configs/smtp/variables [none]
[debug] [2025-10-19T18:52:00.299Z] <<< [apiv2][status] GET https://runtimeconfig.googleapis.com/v1beta1/projects/meteormate/configs/smtp/variables 200
[debug] [2025-10-19T18:52:00.299Z] <<< [apiv2][body] GET https://runtimeconfig.googleapis.com/v1beta1/projects/meteormate/configs/smtp/variables {"variables":[{"name":"projects/meteormate/configs/smtp/variables/pass","updateTime":"2025-10-19T18:36:00.988663338Z"},{"name":"projects/meteormate/configs/smtp/variables/user","updateTime":"2025-10-19T18:36:00.881568921Z"}]}
[debug] [2025-10-19T18:52:00.300Z] Checked if tokens are valid: true, expires at: 1760903340705
[debug] [2025-10-19T18:52:00.300Z] Checked if tokens are valid: true, expires at: 1760903340705
[debug] [2025-10-19T18:52:00.300Z] Checked if tokens are valid: true, expires at: 1760903340705
[debug] [2025-10-19T18:52:00.300Z] Checked if tokens are valid: true, expires at: 1760903340705
[debug] [2025-10-19T18:52:00.300Z] >>> [apiv2][query] GET https://runtimeconfig.googleapis.com/v1beta1/projects/meteormate/configs/smtp/variables/pass [none]
[debug] [2025-10-19T18:52:00.301Z] >>> [apiv2][query] GET https://runtimeconfig.googleapis.com/v1beta1/projects/meteormate/configs/smtp/variables/user [none]
[debug] [2025-10-19T18:52:00.387Z] <<< [apiv2][status] GET https://runtimeconfig.googleapis.com/v1beta1/projects/meteormate/configs/smtp/variables/pass 200
[debug] [2025-10-19T18:52:00.387Z] <<< [apiv2][body] GET https://runtimeconfig.googleapis.com/v1beta1/projects/meteormate/configs/smtp/variables/pass {"name":"projects/meteormate/configs/smtp/variables/pass","updateTime":"2025-10-19T18:36:00.988663338Z","text":"Prarthana_2023"}
[debug] [2025-10-19T18:52:00.506Z] <<< [apiv2][status] GET https://runtimeconfig.googleapis.com/v1beta1/projects/meteormate/configs/smtp/variables/user 200
[debug] [2025-10-19T18:52:00.507Z] <<< [apiv2][body] GET https://runtimeconfig.googleapis.com/v1beta1/projects/meteormate/configs/smtp/variables/user {"name":"projects/meteormate/configs/smtp/variables/user","updateTime":"2025-10-19T18:36:00.881568921Z","text":"aastha.sheth@acmutd.co"}
[debug] [2025-10-19T18:52:00.509Z] Validating nodejs source
[debug] [2025-10-19T18:52:00.919Z] > [functions] package.json contents: {
  "name": "functions",
  "description": "Cloud Functions for Firebase",
  "scripts": {
    "serve": "firebase emulators:start --only functions",
    "shell": "firebase functions:shell",
    "start": "npm run shell",
    "deploy": "firebase deploy --only functions",
    "logs": "firebase functions:log",
    "lint": "echo 'No linting configured'"
  },
  "engines": {
    "node": "22"
  },
  "main": "index.js",
  "dependencies": {
    "firebase-admin": "^12.6.0",
    "firebase-functions": "^6.0.1"
  },
  "devDependencies": {
    "firebase-functions-test": "^3.1.0"
  },
  "private": true
}
[debug] [2025-10-19T18:52:00.919Z] Building nodejs source
[info] i  functions: Loading and analyzing source code for codebase default to determine what to deploy 
[debug] [2025-10-19T18:52:00.920Z] Could not find functions.yaml. Must use http discovery
[debug] [2025-10-19T18:52:00.925Z] Found firebase-functions binary at '/Users/aasthasheth/Documents/meteormate-client-website/functions/node_modules/.bin/firebase-functions'
[info] Serving at port 8381

[debug] [2025-10-19T18:52:01.181Z] Got response from /__/functions.yaml {"endpoints":{"sendVerificationCode":{"availableMemoryMb":null,"timeoutSeconds":null,"minInstances":null,"maxInstances":null,"ingressSettings":null,"concurrency":null,"serviceAccountEmail":null,"vpc":null,"platform":"gcfv2","labels":{},"callableTrigger":{},"entryPoint":"sendVerificationCode"}},"specVersion":"v1alpha1","requiredAPIs":[],"extensions":{}}
[info] i  extensions: ensuring required API firebaseextensions.googleapis.com is enabled... 
[debug] [2025-10-19T18:52:05.216Z] Checked if tokens are valid: true, expires at: 1760903340705
[debug] [2025-10-19T18:52:05.216Z] Checked if tokens are valid: true, expires at: 1760903340705
[debug] [2025-10-19T18:52:05.216Z] >>> [apiv2][query] GET https://serviceusage.googleapis.com/v1/projects/meteormate/services/firebaseextensions.googleapis.com [none]
[debug] [2025-10-19T18:52:05.216Z] >>> [apiv2][(partial)header] GET https://serviceusage.googleapis.com/v1/projects/meteormate/services/firebaseextensions.googleapis.com x-goog-quota-user=projects/meteormate
[debug] [2025-10-19T18:52:05.481Z] <<< [apiv2][status] GET https://serviceusage.googleapis.com/v1/projects/meteormate/services/firebaseextensions.googleapis.com 200
[debug] [2025-10-19T18:52:05.481Z] <<< [apiv2][body] GET https://serviceusage.googleapis.com/v1/projects/meteormate/services/firebaseextensions.googleapis.com [omitted]
[info] ✔  extensions: required API firebaseextensions.googleapis.com is enabled 
[debug] [2025-10-19T18:52:05.491Z] > command requires scopes: ["email","openid","https://www.googleapis.com/auth/cloudplatformprojects.readonly","https://www.googleapis.com/auth/firebase","https://www.googleapis.com/auth/cloud-platform"]
[debug] [2025-10-19T18:52:05.491Z] > authorizing via signed-in user (aastha.sheth@acmutd.co)
[debug] [2025-10-19T18:52:05.491Z] [iam] checking project meteormate for permissions ["firebase.projects.get","firebaseextensions.instances.list"]
[debug] [2025-10-19T18:52:05.491Z] Checked if tokens are valid: true, expires at: 1760903340705
[debug] [2025-10-19T18:52:05.491Z] Checked if tokens are valid: true, expires at: 1760903340705
[debug] [2025-10-19T18:52:05.491Z] >>> [apiv2][query] POST https://cloudresourcemanager.googleapis.com/v1/projects/meteormate:testIamPermissions [none]
[debug] [2025-10-19T18:52:05.491Z] >>> [apiv2][(partial)header] POST https://cloudresourcemanager.googleapis.com/v1/projects/meteormate:testIamPermissions x-goog-quota-user=projects/meteormate
[debug] [2025-10-19T18:52:05.491Z] >>> [apiv2][body] POST https://cloudresourcemanager.googleapis.com/v1/projects/meteormate:testIamPermissions {"permissions":["firebase.projects.get","firebaseextensions.instances.list"]}
[debug] [2025-10-19T18:52:05.641Z] <<< [apiv2][status] POST https://cloudresourcemanager.googleapis.com/v1/projects/meteormate:testIamPermissions 200
[debug] [2025-10-19T18:52:05.641Z] <<< [apiv2][body] POST https://cloudresourcemanager.googleapis.com/v1/projects/meteormate:testIamPermissions {"permissions":["firebase.projects.get","firebaseextensions.instances.list"]}
[debug] [2025-10-19T18:52:05.641Z] Checked if tokens are valid: true, expires at: 1760903340705
[debug] [2025-10-19T18:52:05.641Z] Checked if tokens are valid: true, expires at: 1760903340705
[debug] [2025-10-19T18:52:05.642Z] >>> [apiv2][query] GET https://firebaseextensions.googleapis.com/v1beta/projects/meteormate/instances pageSize=100&pageToken=
[debug] [2025-10-19T18:52:05.989Z] <<< [apiv2][status] GET https://firebaseextensions.googleapis.com/v1beta/projects/meteormate/instances 200
[debug] [2025-10-19T18:52:05.989Z] <<< [apiv2][body] GET https://firebaseextensions.googleapis.com/v1beta/projects/meteormate/instances {}
[info] i  functions: preparing functions directory for uploading... 
[info] i  functions: packaged /Users/aasthasheth/Documents/meteormate-client-website/functions (63.54 KB) for uploading 
[debug] [2025-10-19T18:52:06.020Z] Checked if tokens are valid: true, expires at: 1760903340705
[debug] [2025-10-19T18:52:06.020Z] Checked if tokens are valid: true, expires at: 1760903340705
[debug] [2025-10-19T18:52:06.020Z] >>> [apiv2][query] GET https://cloudfunctions.googleapis.com/v1/projects/meteormate/locations/-/functions [none]
[debug] [2025-10-19T18:52:06.618Z] <<< [apiv2][status] GET https://cloudfunctions.googleapis.com/v1/projects/meteormate/locations/-/functions 200
[debug] [2025-10-19T18:52:06.618Z] <<< [apiv2][body] GET https://cloudfunctions.googleapis.com/v1/projects/meteormate/locations/-/functions {}
[debug] [2025-10-19T18:52:06.620Z] Checked if tokens are valid: true, expires at: 1760903340705
[debug] [2025-10-19T18:52:06.620Z] Checked if tokens are valid: true, expires at: 1760903340705
[debug] [2025-10-19T18:52:06.620Z] >>> [apiv2][query] GET https://cloudfunctions.googleapis.com/v2/projects/meteormate/locations/-/functions filter=environment%3D%22GEN_2%22
[debug] [2025-10-19T18:52:07.003Z] <<< [apiv2][status] GET https://cloudfunctions.googleapis.com/v2/projects/meteormate/locations/-/functions 200
[debug] [2025-10-19T18:52:07.004Z] <<< [apiv2][body] GET https://cloudfunctions.googleapis.com/v2/projects/meteormate/locations/-/functions {}
[info] i  functions: ensuring required API run.googleapis.com is enabled... 
[debug] [2025-10-19T18:52:07.007Z] Checked if tokens are valid: true, expires at: 1760903340705
[debug] [2025-10-19T18:52:07.007Z] Checked if tokens are valid: true, expires at: 1760903340705
[info] i  functions: ensuring required API eventarc.googleapis.com is enabled... 
[debug] [2025-10-19T18:52:07.008Z] Checked if tokens are valid: true, expires at: 1760903340705
[debug] [2025-10-19T18:52:07.008Z] Checked if tokens are valid: true, expires at: 1760903340705
[info] i  functions: ensuring required API pubsub.googleapis.com is enabled... 
[debug] [2025-10-19T18:52:07.008Z] Checked if tokens are valid: true, expires at: 1760903340705
[debug] [2025-10-19T18:52:07.008Z] Checked if tokens are valid: true, expires at: 1760903340705
[info] i  functions: ensuring required API storage.googleapis.com is enabled... 
[debug] [2025-10-19T18:52:07.008Z] Checked if tokens are valid: true, expires at: 1760903340705
[debug] [2025-10-19T18:52:07.008Z] Checked if tokens are valid: true, expires at: 1760903340705
[debug] [2025-10-19T18:52:07.008Z] >>> [apiv2][query] GET https://serviceusage.googleapis.com/v1/projects/820347775552/services/run.googleapis.com [none]
[debug] [2025-10-19T18:52:07.009Z] >>> [apiv2][(partial)header] GET https://serviceusage.googleapis.com/v1/projects/820347775552/services/run.googleapis.com x-goog-quota-user=projects/820347775552
[debug] [2025-10-19T18:52:07.009Z] >>> [apiv2][query] GET https://serviceusage.googleapis.com/v1/projects/820347775552/services/eventarc.googleapis.com [none]
[debug] [2025-10-19T18:52:07.009Z] >>> [apiv2][(partial)header] GET https://serviceusage.googleapis.com/v1/projects/820347775552/services/eventarc.googleapis.com x-goog-quota-user=projects/820347775552
[debug] [2025-10-19T18:52:07.011Z] >>> [apiv2][query] GET https://serviceusage.googleapis.com/v1/projects/820347775552/services/pubsub.googleapis.com [none]
[debug] [2025-10-19T18:52:07.011Z] >>> [apiv2][(partial)header] GET https://serviceusage.googleapis.com/v1/projects/820347775552/services/pubsub.googleapis.com x-goog-quota-user=projects/820347775552
[debug] [2025-10-19T18:52:07.013Z] >>> [apiv2][query] GET https://serviceusage.googleapis.com/v1/projects/820347775552/services/storage.googleapis.com [none]
[debug] [2025-10-19T18:52:07.013Z] >>> [apiv2][(partial)header] GET https://serviceusage.googleapis.com/v1/projects/820347775552/services/storage.googleapis.com x-goog-quota-user=projects/820347775552
[debug] [2025-10-19T18:52:07.147Z] <<< [apiv2][status] GET https://serviceusage.googleapis.com/v1/projects/820347775552/services/run.googleapis.com 200
[debug] [2025-10-19T18:52:07.148Z] <<< [apiv2][body] GET https://serviceusage.googleapis.com/v1/projects/820347775552/services/run.googleapis.com [omitted]
[warn] ⚠  functions: missing required API run.googleapis.com. Enabling now... 
[debug] [2025-10-19T18:52:07.149Z] Checked if tokens are valid: true, expires at: 1760903340705
[debug] [2025-10-19T18:52:07.149Z] Checked if tokens are valid: true, expires at: 1760903340705
[debug] [2025-10-19T18:52:07.149Z] >>> [apiv2][query] POST https://serviceusage.googleapis.com/v1/projects/820347775552/services/run.googleapis.com:enable [none]
[debug] [2025-10-19T18:52:07.149Z] >>> [apiv2][(partial)header] POST https://serviceusage.googleapis.com/v1/projects/820347775552/services/run.googleapis.com:enable x-goog-quota-user=projects/820347775552
[debug] [2025-10-19T18:52:07.273Z] <<< [apiv2][status] GET https://serviceusage.googleapis.com/v1/projects/820347775552/services/pubsub.googleapis.com 200
[debug] [2025-10-19T18:52:07.274Z] <<< [apiv2][body] GET https://serviceusage.googleapis.com/v1/projects/820347775552/services/pubsub.googleapis.com [omitted]
[info] ✔  functions: required API pubsub.googleapis.com is enabled 
[debug] [2025-10-19T18:52:07.284Z] <<< [apiv2][status] GET https://serviceusage.googleapis.com/v1/projects/820347775552/services/eventarc.googleapis.com 200
[debug] [2025-10-19T18:52:07.285Z] <<< [apiv2][body] GET https://serviceusage.googleapis.com/v1/projects/820347775552/services/eventarc.googleapis.com [omitted]
[warn] ⚠  functions: missing required API eventarc.googleapis.com. Enabling now... 
[debug] [2025-10-19T18:52:07.285Z] Checked if tokens are valid: true, expires at: 1760903340705
[debug] [2025-10-19T18:52:07.285Z] Checked if tokens are valid: true, expires at: 1760903340705
[debug] [2025-10-19T18:52:07.285Z] >>> [apiv2][query] POST https://serviceusage.googleapis.com/v1/projects/820347775552/services/eventarc.googleapis.com:enable [none]
[debug] [2025-10-19T18:52:07.285Z] >>> [apiv2][(partial)header] POST https://serviceusage.googleapis.com/v1/projects/820347775552/services/eventarc.googleapis.com:enable x-goog-quota-user=projects/820347775552
[debug] [2025-10-19T18:52:07.406Z] <<< [apiv2][status] GET https://serviceusage.googleapis.com/v1/projects/820347775552/services/storage.googleapis.com 200
[debug] [2025-10-19T18:52:07.406Z] <<< [apiv2][body] GET https://serviceusage.googleapis.com/v1/projects/820347775552/services/storage.googleapis.com [omitted]
[info] ✔  functions: required API storage.googleapis.com is enabled 
[debug] [2025-10-19T18:52:07.466Z] <<< [apiv2][status] POST https://serviceusage.googleapis.com/v1/projects/820347775552/services/run.googleapis.com:enable 200
[debug] [2025-10-19T18:52:07.466Z] <<< [apiv2][body] POST https://serviceusage.googleapis.com/v1/projects/820347775552/services/run.googleapis.com:enable [omitted]
[debug] [2025-10-19T18:52:07.580Z] <<< [apiv2][status] POST https://serviceusage.googleapis.com/v1/projects/820347775552/services/eventarc.googleapis.com:enable 200
[debug] [2025-10-19T18:52:07.580Z] <<< [apiv2][body] POST https://serviceusage.googleapis.com/v1/projects/820347775552/services/eventarc.googleapis.com:enable [omitted]
[info] i  functions: generating the service identity for pubsub.googleapis.com... 
[debug] [2025-10-19T18:52:17.590Z] Checked if tokens are valid: true, expires at: 1760903340705
[debug] [2025-10-19T18:52:17.590Z] Checked if tokens are valid: true, expires at: 1760903340705
[info] i  functions: generating the service identity for eventarc.googleapis.com... 
[debug] [2025-10-19T18:52:17.590Z] Checked if tokens are valid: true, expires at: 1760903340705
[debug] [2025-10-19T18:52:17.590Z] Checked if tokens are valid: true, expires at: 1760903340705
[debug] [2025-10-19T18:52:17.591Z] >>> [apiv2][query] POST https://serviceusage.googleapis.com/v1beta1/projects/820347775552/services/pubsub.googleapis.com:generateServiceIdentity [none]
[debug] [2025-10-19T18:52:17.591Z] >>> [apiv2][(partial)header] POST https://serviceusage.googleapis.com/v1beta1/projects/820347775552/services/pubsub.googleapis.com:generateServiceIdentity x-goog-quota-user=projects/820347775552
[debug] [2025-10-19T18:52:17.591Z] >>> [apiv2][body] POST https://serviceusage.googleapis.com/v1beta1/projects/820347775552/services/pubsub.googleapis.com:generateServiceIdentity {}
[debug] [2025-10-19T18:52:17.594Z] >>> [apiv2][query] POST https://serviceusage.googleapis.com/v1beta1/projects/820347775552/services/eventarc.googleapis.com:generateServiceIdentity [none]
[debug] [2025-10-19T18:52:17.594Z] >>> [apiv2][(partial)header] POST https://serviceusage.googleapis.com/v1beta1/projects/820347775552/services/eventarc.googleapis.com:generateServiceIdentity x-goog-quota-user=projects/820347775552
[debug] [2025-10-19T18:52:17.594Z] >>> [apiv2][body] POST https://serviceusage.googleapis.com/v1beta1/projects/820347775552/services/eventarc.googleapis.com:generateServiceIdentity {}
[debug] [2025-10-19T18:52:18.164Z] <<< [apiv2][status] POST https://serviceusage.googleapis.com/v1beta1/projects/820347775552/services/eventarc.googleapis.com:generateServiceIdentity 200
[debug] [2025-10-19T18:52:18.164Z] <<< [apiv2][body] POST https://serviceusage.googleapis.com/v1beta1/projects/820347775552/services/eventarc.googleapis.com:generateServiceIdentity {"name":"operations/finished.DONE_OPERATION","done":true,"response":{"@type":"type.googleapis.com/google.api.serviceusage.v1beta1.ServiceIdentity","email":"service-820347775552@gcp-sa-eventarc.iam.gserviceaccount.com","uniqueId":"112455837889042121588"}}
[debug] [2025-10-19T18:52:18.164Z] <<< [apiv2][status] POST https://serviceusage.googleapis.com/v1beta1/projects/820347775552/services/pubsub.googleapis.com:generateServiceIdentity 200
[debug] [2025-10-19T18:52:18.164Z] <<< [apiv2][body] POST https://serviceusage.googleapis.com/v1beta1/projects/820347775552/services/pubsub.googleapis.com:generateServiceIdentity {"name":"operations/finished.DONE_OPERATION","done":true,"response":{"@type":"type.googleapis.com/google.api.serviceusage.v1beta1.ServiceIdentity","email":"service-820347775552@gcp-sa-pubsub.iam.gserviceaccount.com","uniqueId":"105629737130648127616"}}
[debug] [2025-10-19T18:52:18.167Z] Checked if tokens are valid: true, expires at: 1760903340705
[debug] [2025-10-19T18:52:18.167Z] Checked if tokens are valid: true, expires at: 1760903340705
[debug] [2025-10-19T18:52:18.167Z] >>> [apiv2][query] GET https://cloudresourcemanager.googleapis.com/v1/projects/meteormate [none]
[debug] [2025-10-19T18:52:18.320Z] <<< [apiv2][status] GET https://cloudresourcemanager.googleapis.com/v1/projects/meteormate 200
[debug] [2025-10-19T18:52:18.321Z] <<< [apiv2][body] GET https://cloudresourcemanager.googleapis.com/v1/projects/meteormate {"projectNumber":"820347775552","projectId":"meteormate","lifecycleState":"ACTIVE","name":"meteormate","labels":{"firebase":"enabled","firebase-core":"disabled"},"createTime":"2025-06-28T02:10:47.479Z","parent":{"type":"organization","id":"310226673576"}}
[debug] [2025-10-19T18:52:18.321Z] Checked if tokens are valid: true, expires at: 1760903340705
[debug] [2025-10-19T18:52:18.322Z] Checked if tokens are valid: true, expires at: 1760903340705
[debug] [2025-10-19T18:52:18.322Z] >>> [apiv2][query] GET https://compute.googleapis.com/compute/v1/projects/820347775552 [none]
[debug] [2025-10-19T18:52:18.529Z] <<< [apiv2][status] GET https://compute.googleapis.com/compute/v1/projects/820347775552 403
[debug] [2025-10-19T18:52:18.529Z] <<< [apiv2][body] GET https://compute.googleapis.com/compute/v1/projects/820347775552 {"error":{"code":403,"message":"Compute Engine API has not been used in project 820347775552 before or it is disabled. Enable it by visiting https://console.developers.google.com/apis/api/compute.googleapis.com/overview?project=820347775552 then retry. If you enabled this API recently, wait a few minutes for the action to propagate to our systems and retry.","errors":[{"message":"Compute Engine API has not been used in project 820347775552 before or it is disabled. Enable it by visiting https://console.developers.google.com/apis/api/compute.googleapis.com/overview?project=820347775552 then retry. If you enabled this API recently, wait a few minutes for the action to propagate to our systems and retry.","domain":"usageLimits","reason":"accessNotConfigured","extendedHelp":"https://console.developers.google.com"}],"status":"PERMISSION_DENIED","details":[{"@type":"type.googleapis.com/google.rpc.ErrorInfo","reason":"SERVICE_DISABLED","domain":"googleapis.com","metadata":{"consumer":"projects/820347775552","serviceTitle":"Compute Engine API","containerInfo":"820347775552","activationUrl":"https://console.developers.google.com/apis/api/compute.googleapis.com/overview?project=820347775552","service":"compute.googleapis.com"}},{"@type":"type.googleapis.com/google.rpc.LocalizedMessage","locale":"en-US","message":"Compute Engine API has not been used in project 820347775552 before or it is disabled. Enable it by visiting https://console.developers.google.com/apis/api/compute.googleapis.com/overview?project=820347775552 then retry. If you enabled this API recently, wait a few minutes for the action to propagate to our systems and retry."},{"@type":"type.googleapis.com/google.rpc.Help","links":[{"description":"Google developers console API activation","url":"https://console.developers.google.com/apis/api/compute.googleapis.com/overview?project=820347775552"}]}]}}
[debug] [2025-10-19T18:52:18.529Z] unable to look up default compute service account. Falling back to 820347775552-compute@developer.gserviceaccount.com. Error: {"name":"FirebaseError","children":[],"context":{"body":{"error":{"code":403,"message":"Compute Engine API has not been used in project 820347775552 before or it is disabled. Enable it by visiting https://console.developers.google.com/apis/api/compute.googleapis.com/overview?project=820347775552 then retry. If you enabled this API recently, wait a few minutes for the action to propagate to our systems and retry.","errors":[{"message":"Compute Engine API has not been used in project 820347775552 before or it is disabled. Enable it by visiting https://console.developers.google.com/apis/api/compute.googleapis.com/overview?project=820347775552 then retry. If you enabled this API recently, wait a few minutes for the action to propagate to our systems and retry.","domain":"usageLimits","reason":"accessNotConfigured","extendedHelp":"https://console.developers.google.com"}],"status":"PERMISSION_DENIED","details":[{"@type":"type.googleapis.com/google.rpc.ErrorInfo","reason":"SERVICE_DISABLED","domain":"googleapis.com","metadata":{"consumer":"projects/820347775552","serviceTitle":"Compute Engine API","containerInfo":"820347775552","activationUrl":"https://console.developers.google.com/apis/api/compute.googleapis.com/overview?project=820347775552","service":"compute.googleapis.com"}},{"@type":"type.googleapis.com/google.rpc.LocalizedMessage","locale":"en-US","message":"Compute Engine API has not been used in project 820347775552 before or it is disabled. Enable it by visiting https://console.developers.google.com/apis/api/compute.googleapis.com/overview?project=820347775552 then retry. If you enabled this API recently, wait a few minutes for the action to propagate to our systems and retry."},{"@type":"type.googleapis.com/google.rpc.Help","links":[{"description":"Google developers console API activation","url":"https://console.developers.google.com/apis/api/compute.googleapis.com/overview?project=820347775552"}]}]}},"response":{"statusCode":403}},"exit":1,"message":"Request to https://compute.googleapis.com/compute/v1/projects/820347775552 had HTTP Error: 403, Compute Engine API has not been used in project 820347775552 before or it is disabled. Enable it by visiting https://console.developers.google.com/apis/api/compute.googleapis.com/overview?project=820347775552 then retry. If you enabled this API recently, wait a few minutes for the action to propagate to our systems and retry.","status":403}
[debug] [2025-10-19T18:52:18.530Z] Checked if tokens are valid: true, expires at: 1760903340705
[debug] [2025-10-19T18:52:18.530Z] Checked if tokens are valid: true, expires at: 1760903340705
[debug] [2025-10-19T18:52:18.530Z] >>> [apiv2][query] GET https://cloudbilling.googleapis.com/v1/projects/meteormate/billingInfo [none]
[debug] [2025-10-19T18:52:18.718Z] <<< [apiv2][status] GET https://cloudbilling.googleapis.com/v1/projects/meteormate/billingInfo 200
[debug] [2025-10-19T18:52:18.718Z] <<< [apiv2][body] GET https://cloudbilling.googleapis.com/v1/projects/meteormate/billingInfo {"name":"projects/meteormate/billingInfo","projectId":"meteormate","billingAccountName":"billingAccounts/0109F1-E5919E-924353","billingEnabled":true}
[debug] [2025-10-19T18:52:18.719Z] Checked if tokens are valid: true, expires at: 1760903340705
[debug] [2025-10-19T18:52:18.719Z] Checked if tokens are valid: true, expires at: 1760903340705
[debug] [2025-10-19T18:52:18.719Z] >>> [apiv2][query] POST https://cloudfunctions.googleapis.com/v2/projects/meteormate/locations/us-central1/functions:generateUploadUrl [none]
[debug] [2025-10-19T18:52:19.901Z] <<< [apiv2][status] POST https://cloudfunctions.googleapis.com/v2/projects/meteormate/locations/us-central1/functions:generateUploadUrl 200
[debug] [2025-10-19T18:52:19.901Z] <<< [apiv2][body] POST https://cloudfunctions.googleapis.com/v2/projects/meteormate/locations/us-central1/functions:generateUploadUrl {"uploadUrl":"https://storage.googleapis.com/gcf-v2-uploads-820347775552.us-central1.cloudfunctions.appspot.com/f1c84570-3566-4509-8883-6b482380875b.zip?GoogleAccessId=service-820347775552@gcf-admin-robot.iam.gserviceaccount.com&Expires=1760901739&Signature=C9gh8wBWJOyzmDWqtB67qzSAk8o9KgEjU0HaHkrsmfja6k88545QBa%2FkzmHKQ5dWUu3ilexHRMzRMiV6E092iQREjmTszUSe9WpM49kePpYJITRiYMhfH4gTZjoV35reDUecJ68ju0J60LRQ4XkbngB%2B4dep5pRkhcoUaaNYsEix0Ey3zv%2FNKK8AhU7e4HWcmxAkjuh5Q6sDxoUw0qk%2Be%2BX1yVYPakFQJJOTym3eyrwXiOSONUI%2BnhrOeTApi20hq4eJesEWF7aaqCcsFQGnAf4u28QOGu%2BXFljOZ%2B6cvCSeUIBQgglXgVtpiyBZ5OyUevyKEUpkeFbLc2lroOBpGw%3D%3D","storageSource":{"bucket":"gcf-v2-uploads-820347775552.us-central1.cloudfunctions.appspot.com","object":"f1c84570-3566-4509-8883-6b482380875b.zip"}}
[debug] [2025-10-19T18:52:19.901Z] >>> [apiv2][query] PUT https://storage.googleapis.com/gcf-v2-uploads-820347775552.us-central1.cloudfunctions.appspot.com/f1c84570-3566-4509-8883-6b482380875b.zip GoogleAccessId=service-820347775552%40gcf-admin-robot.iam.gserviceaccount.com&Expires=1760901739&Signature=C9gh8wBWJOyzmDWqtB67qzSAk8o9KgEjU0HaHkrsmfja6k88545QBa%2FkzmHKQ5dWUu3ilexHRMzRMiV6E092iQREjmTszUSe9WpM49kePpYJITRiYMhfH4gTZjoV35reDUecJ68ju0J60LRQ4XkbngB%2B4dep5pRkhcoUaaNYsEix0Ey3zv%2FNKK8AhU7e4HWcmxAkjuh5Q6sDxoUw0qk%2Be%2BX1yVYPakFQJJOTym3eyrwXiOSONUI%2BnhrOeTApi20hq4eJesEWF7aaqCcsFQGnAf4u28QOGu%2BXFljOZ%2B6cvCSeUIBQgglXgVtpiyBZ5OyUevyKEUpkeFbLc2lroOBpGw%3D%3D
[debug] [2025-10-19T18:52:19.901Z] >>> [apiv2][body] PUT https://storage.googleapis.com/gcf-v2-uploads-820347775552.us-central1.cloudfunctions.appspot.com/f1c84570-3566-4509-8883-6b482380875b.zip [stream]
[debug] [2025-10-19T18:52:20.174Z] <<< [apiv2][status] PUT https://storage.googleapis.com/gcf-v2-uploads-820347775552.us-central1.cloudfunctions.appspot.com/f1c84570-3566-4509-8883-6b482380875b.zip 200
[debug] [2025-10-19T18:52:20.174Z] <<< [apiv2][body] PUT https://storage.googleapis.com/gcf-v2-uploads-820347775552.us-central1.cloudfunctions.appspot.com/f1c84570-3566-4509-8883-6b482380875b.zip [omitted]
[info] ✔  functions: functions folder uploaded successfully 
[info] i  functions: creating Node.js 22 (2nd Gen) function sendVerificationCode(us-central1)... 
[debug] [2025-10-19T18:52:20.180Z] Checked if tokens are valid: true, expires at: 1760903340705
[debug] [2025-10-19T18:52:20.180Z] Checked if tokens are valid: true, expires at: 1760903340705
[debug] [2025-10-19T18:52:20.180Z] >>> [apiv2][query] POST https://cloudfunctions.googleapis.com/v2/projects/meteormate/locations/us-central1/functions functionId=sendVerificationCode
[debug] [2025-10-19T18:52:20.180Z] >>> [apiv2][body] POST https://cloudfunctions.googleapis.com/v2/projects/meteormate/locations/us-central1/functions {"name":"projects/meteormate/locations/us-central1/functions/sendVerificationCode","buildConfig":{"runtime":"nodejs22","entryPoint":"sendVerificationCode","source":{"storageSource":{"bucket":"gcf-v2-uploads-820347775552.us-central1.cloudfunctions.appspot.com","object":"f1c84570-3566-4509-8883-6b482380875b.zip"}},"environmentVariables":{"GOOGLE_NODE_RUN_SCRIPTS":""}},"serviceConfig":{"environmentVariables":{"FIREBASE_CONFIG":"{\"projectId\":\"meteormate\",\"storageBucket\":\"meteormate.firebasestorage.app\"}","GCLOUD_PROJECT":"meteormate","EVENTARC_CLOUD_EVENT_SOURCE":"projects/meteormate/locations/us-central1/services/sendVerificationCode","FUNCTION_TARGET":"sendVerificationCode","LOG_EXECUTION_ID":"true"},"ingressSettings":null,"timeoutSeconds":null,"serviceAccountEmail":null,"availableMemory":"256Mi","minInstanceCount":null,"maxInstanceCount":null,"maxInstanceRequestConcurrency":80,"availableCpu":"1","vpcConnector":null,"vpcConnectorEgressSettings":null},"labels":{"deployment-tool":"cli-firebase","deployment-callable":"true","firebase-functions-hash":"5803bf335719ba7ef508a40620d4be5a4d50c73e"}}
[debug] [2025-10-19T18:52:21.351Z] <<< [apiv2][status] POST https://cloudfunctions.googleapis.com/v2/projects/meteormate/locations/us-central1/functions 200
[debug] [2025-10-19T18:52:21.351Z] <<< [apiv2][body] POST https://cloudfunctions.googleapis.com/v2/projects/meteormate/locations/us-central1/functions {"name":"projects/meteormate/locations/us-central1/operations/operation-1760899940397-64187776eb1d0-b0a55cfe-374dfbfc","metadata":{"@type":"type.googleapis.com/google.cloud.functions.v2.OperationMetadata","createTime":"2025-10-19T18:52:21.396853240Z","target":"projects/meteormate/locations/us-central1/functions/sendVerificationCode","verb":"create","cancelRequested":false,"apiVersion":"v2"},"done":false}
[debug] [2025-10-19T18:52:21.353Z] Checked if tokens are valid: true, expires at: 1760903340705
[debug] [2025-10-19T18:52:21.353Z] Checked if tokens are valid: true, expires at: 1760903340705
[debug] [2025-10-19T18:52:21.354Z] >>> [apiv2][query] GET https://cloudfunctions.googleapis.com/v2/projects/meteormate/locations/us-central1/operations/operation-1760899940397-64187776eb1d0-b0a55cfe-374dfbfc [none]
[debug] [2025-10-19T18:52:21.518Z] <<< [apiv2][status] GET https://cloudfunctions.googleapis.com/v2/projects/meteormate/locations/us-central1/operations/operation-1760899940397-64187776eb1d0-b0a55cfe-374dfbfc 200
[debug] [2025-10-19T18:52:21.518Z] <<< [apiv2][body] GET https://cloudfunctions.googleapis.com/v2/projects/meteormate/locations/us-central1/operations/operation-1760899940397-64187776eb1d0-b0a55cfe-374dfbfc {"name":"projects/meteormate/locations/us-central1/operations/operation-1760899940397-64187776eb1d0-b0a55cfe-374dfbfc","metadata":{"@type":"type.googleapis.com/google.cloud.functions.v2.OperationMetadata","createTime":"2025-10-19T18:52:21.396853240Z","target":"projects/meteormate/locations/us-central1/functions/sendVerificationCode","verb":"create","cancelRequested":false,"apiVersion":"v2"},"done":false}
[debug] [2025-10-19T18:52:22.020Z] [create-default-us-central1-sendVerificationCode] Retrying task index 0
[debug] [2025-10-19T18:52:22.021Z] Checked if tokens are valid: true, expires at: 1760903340705
[debug] [2025-10-19T18:52:22.021Z] Checked if tokens are valid: true, expires at: 1760903340705
[debug] [2025-10-19T18:52:22.022Z] >>> [apiv2][query] GET https://cloudfunctions.googleapis.com/v2/projects/meteormate/locations/us-central1/operations/operation-1760899940397-64187776eb1d0-b0a55cfe-374dfbfc [none]
[debug] [2025-10-19T18:52:22.132Z] <<< [apiv2][status] GET https://cloudfunctions.googleapis.com/v2/projects/meteormate/locations/us-central1/operations/operation-1760899940397-64187776eb1d0-b0a55cfe-374dfbfc 200
[debug] [2025-10-19T18:52:22.133Z] <<< [apiv2][body] GET https://cloudfunctions.googleapis.com/v2/projects/meteormate/locations/us-central1/operations/operation-1760899940397-64187776eb1d0-b0a55cfe-374dfbfc {"name":"projects/meteormate/locations/us-central1/operations/operation-1760899940397-64187776eb1d0-b0a55cfe-374dfbfc","metadata":{"@type":"type.googleapis.com/google.cloud.functions.v2.OperationMetadata","createTime":"2025-10-19T18:52:21.396853240Z","target":"projects/meteormate/locations/us-central1/functions/sendVerificationCode","verb":"create","cancelRequested":false,"apiVersion":"v2","requestResource":{"@type":"type.googleapis.com/google.cloud.functions.v2.Function","name":"projects/meteormate/locations/us-central1/functions/sendVerificationCode","buildConfig":{"runtime":"nodejs22","entryPoint":"sendVerificationCode","source":{"storageSource":{"bucket":"gcf-v2-sources-820347775552-us-central1","object":"sendVerificationCode/function-source.zip","generation":"1760899941136434"}},"environmentVariables":{"GOOGLE_NODE_RUN_SCRIPTS":""},"serviceAccount":"projects/meteormate/serviceAccounts/820347775552-compute@developer.gserviceaccount.com","automaticUpdatePolicy":{}},"serviceConfig":{"service":"projects/meteormate/locations/us-central1/services/sendverificationcode","timeoutSeconds":60,"environmentVariables":{"FIREBASE_CONFIG":"{\"projectId\":\"meteormate\",\"storageBucket\":\"meteormate.firebasestorage.app\"}","GCLOUD_PROJECT":"meteormate","EVENTARC_CLOUD_EVENT_SOURCE":"projects/meteormate/locations/us-central1/services/sendVerificationCode","FUNCTION_TARGET":"sendVerificationCode","LOG_EXECUTION_ID":"true"},"ingressSettings":"ALLOW_ALL","serviceAccountEmail":"820347775552-compute@developer.gserviceaccount.com","availableMemory":"256Mi","maxInstanceRequestConcurrency":80,"availableCpu":"1"},"labels":{"deployment-tool":"cli-firebase","deployment-callable":"true","firebase-functions-hash":"5803bf335719ba7ef508a40620d4be5a4d50c73e"},"environment":"GEN_2"},"stages":[{"name":"BUILD","state":"NOT_STARTED"},{"name":"SERVICE","state":"NOT_STARTED"}],"operationType":"CREATE_FUNCTION"},"done":false}
[debug] [2025-10-19T18:52:23.134Z] [create-default-us-central1-sendVerificationCode] Retrying task index 0
[debug] [2025-10-19T18:52:23.135Z] Checked if tokens are valid: true, expires at: 1760903340705
[debug] [2025-10-19T18:52:23.135Z] Checked if tokens are valid: true, expires at: 1760903340705
[debug] [2025-10-19T18:52:23.135Z] >>> [apiv2][query] GET https://cloudfunctions.googleapis.com/v2/projects/meteormate/locations/us-central1/operations/operation-1760899940397-64187776eb1d0-b0a55cfe-374dfbfc [none]
[debug] [2025-10-19T18:52:23.289Z] <<< [apiv2][status] GET https://cloudfunctions.googleapis.com/v2/projects/meteormate/locations/us-central1/operations/operation-1760899940397-64187776eb1d0-b0a55cfe-374dfbfc 200
[debug] [2025-10-19T18:52:23.289Z] <<< [apiv2][body] GET https://cloudfunctions.googleapis.com/v2/projects/meteormate/locations/us-central1/operations/operation-1760899940397-64187776eb1d0-b0a55cfe-374dfbfc {"name":"projects/meteormate/locations/us-central1/operations/operation-1760899940397-64187776eb1d0-b0a55cfe-374dfbfc","metadata":{"@type":"type.googleapis.com/google.cloud.functions.v2.OperationMetadata","createTime":"2025-10-19T18:52:21.396853240Z","target":"projects/meteormate/locations/us-central1/functions/sendVerificationCode","verb":"create","cancelRequested":false,"apiVersion":"v2","requestResource":{"@type":"type.googleapis.com/google.cloud.functions.v2.Function","name":"projects/meteormate/locations/us-central1/functions/sendVerificationCode","buildConfig":{"runtime":"nodejs22","entryPoint":"sendVerificationCode","source":{"storageSource":{"bucket":"gcf-v2-sources-820347775552-us-central1","object":"sendVerificationCode/function-source.zip","generation":"1760899941136434"}},"environmentVariables":{"GOOGLE_NODE_RUN_SCRIPTS":""},"serviceAccount":"projects/meteormate/serviceAccounts/820347775552-compute@developer.gserviceaccount.com","automaticUpdatePolicy":{}},"serviceConfig":{"service":"projects/meteormate/locations/us-central1/services/sendverificationcode","timeoutSeconds":60,"environmentVariables":{"FIREBASE_CONFIG":"{\"projectId\":\"meteormate\",\"storageBucket\":\"meteormate.firebasestorage.app\"}","GCLOUD_PROJECT":"meteormate","EVENTARC_CLOUD_EVENT_SOURCE":"projects/meteormate/locations/us-central1/services/sendVerificationCode","FUNCTION_TARGET":"sendVerificationCode","LOG_EXECUTION_ID":"true"},"ingressSettings":"ALLOW_ALL","serviceAccountEmail":"820347775552-compute@developer.gserviceaccount.com","availableMemory":"256Mi","maxInstanceRequestConcurrency":80,"availableCpu":"1"},"labels":{"deployment-tool":"cli-firebase","deployment-callable":"true","firebase-functions-hash":"5803bf335719ba7ef508a40620d4be5a4d50c73e"},"environment":"GEN_2"},"stages":[{"name":"BUILD","state":"NOT_STARTED"},{"name":"SERVICE","state":"NOT_STARTED"}],"operationType":"CREATE_FUNCTION"},"done":false}
[debug] [2025-10-19T18:52:25.290Z] [create-default-us-central1-sendVerificationCode] Retrying task index 0
[debug] [2025-10-19T18:52:25.290Z] Checked if tokens are valid: true, expires at: 1760903340705
[debug] [2025-10-19T18:52:25.291Z] Checked if tokens are valid: true, expires at: 1760903340705
[debug] [2025-10-19T18:52:25.291Z] >>> [apiv2][query] GET https://cloudfunctions.googleapis.com/v2/projects/meteormate/locations/us-central1/operations/operation-1760899940397-64187776eb1d0-b0a55cfe-374dfbfc [none]
[debug] [2025-10-19T18:52:25.398Z] <<< [apiv2][status] GET https://cloudfunctions.googleapis.com/v2/projects/meteormate/locations/us-central1/operations/operation-1760899940397-64187776eb1d0-b0a55cfe-374dfbfc 200
[debug] [2025-10-19T18:52:25.399Z] <<< [apiv2][body] GET https://cloudfunctions.googleapis.com/v2/projects/meteormate/locations/us-central1/operations/operation-1760899940397-64187776eb1d0-b0a55cfe-374dfbfc {"name":"projects/meteormate/locations/us-central1/operations/operation-1760899940397-64187776eb1d0-b0a55cfe-374dfbfc","metadata":{"@type":"type.googleapis.com/google.cloud.functions.v2.OperationMetadata","createTime":"2025-10-19T18:52:21.396853240Z","target":"projects/meteormate/locations/us-central1/functions/sendVerificationCode","verb":"create","cancelRequested":false,"apiVersion":"v2","requestResource":{"@type":"type.googleapis.com/google.cloud.functions.v2.Function","name":"projects/meteormate/locations/us-central1/functions/sendVerificationCode","buildConfig":{"runtime":"nodejs22","entryPoint":"sendVerificationCode","source":{"storageSource":{"bucket":"gcf-v2-sources-820347775552-us-central1","object":"sendVerificationCode/function-source.zip","generation":"1760899941136434"}},"environmentVariables":{"GOOGLE_NODE_RUN_SCRIPTS":""},"serviceAccount":"projects/meteormate/serviceAccounts/820347775552-compute@developer.gserviceaccount.com","automaticUpdatePolicy":{}},"serviceConfig":{"service":"projects/meteormate/locations/us-central1/services/sendverificationcode","timeoutSeconds":60,"environmentVariables":{"FIREBASE_CONFIG":"{\"projectId\":\"meteormate\",\"storageBucket\":\"meteormate.firebasestorage.app\"}","GCLOUD_PROJECT":"meteormate","EVENTARC_CLOUD_EVENT_SOURCE":"projects/meteormate/locations/us-central1/services/sendVerificationCode","FUNCTION_TARGET":"sendVerificationCode","LOG_EXECUTION_ID":"true"},"ingressSettings":"ALLOW_ALL","serviceAccountEmail":"820347775552-compute@developer.gserviceaccount.com","availableMemory":"256Mi","maxInstanceRequestConcurrency":80,"availableCpu":"1"},"labels":{"deployment-tool":"cli-firebase","deployment-callable":"true","firebase-functions-hash":"5803bf335719ba7ef508a40620d4be5a4d50c73e"},"environment":"GEN_2"},"stages":[{"name":"BUILD","state":"NOT_STARTED"},{"name":"SERVICE","state":"NOT_STARTED"}],"operationType":"CREATE_FUNCTION"},"done":false}
[debug] [2025-10-19T18:52:29.400Z] [create-default-us-central1-sendVerificationCode] Retrying task index 0
[debug] [2025-10-19T18:52:29.401Z] Checked if tokens are valid: true, expires at: 1760903340705
[debug] [2025-10-19T18:52:29.401Z] Checked if tokens are valid: true, expires at: 1760903340705
[debug] [2025-10-19T18:52:29.401Z] >>> [apiv2][query] GET https://cloudfunctions.googleapis.com/v2/projects/meteormate/locations/us-central1/operations/operation-1760899940397-64187776eb1d0-b0a55cfe-374dfbfc [none]
[debug] [2025-10-19T18:52:29.565Z] <<< [apiv2][status] GET https://cloudfunctions.googleapis.com/v2/projects/meteormate/locations/us-central1/operations/operation-1760899940397-64187776eb1d0-b0a55cfe-374dfbfc 200
[debug] [2025-10-19T18:52:29.565Z] <<< [apiv2][body] GET https://cloudfunctions.googleapis.com/v2/projects/meteormate/locations/us-central1/operations/operation-1760899940397-64187776eb1d0-b0a55cfe-374dfbfc {"name":"projects/meteormate/locations/us-central1/operations/operation-1760899940397-64187776eb1d0-b0a55cfe-374dfbfc","metadata":{"@type":"type.googleapis.com/google.cloud.functions.v2.OperationMetadata","createTime":"2025-10-19T18:52:21.396853240Z","target":"projects/meteormate/locations/us-central1/functions/sendVerificationCode","verb":"create","cancelRequested":false,"apiVersion":"v2","requestResource":{"@type":"type.googleapis.com/google.cloud.functions.v2.Function","name":"projects/meteormate/locations/us-central1/functions/sendVerificationCode","buildConfig":{"runtime":"nodejs22","entryPoint":"sendVerificationCode","source":{"storageSource":{"bucket":"gcf-v2-sources-820347775552-us-central1","object":"sendVerificationCode/function-source.zip","generation":"1760899941136434"}},"environmentVariables":{"GOOGLE_NODE_RUN_SCRIPTS":""},"serviceAccount":"projects/meteormate/serviceAccounts/820347775552-compute@developer.gserviceaccount.com","automaticUpdatePolicy":{}},"serviceConfig":{"service":"projects/meteormate/locations/us-central1/services/sendverificationcode","timeoutSeconds":60,"environmentVariables":{"FIREBASE_CONFIG":"{\"projectId\":\"meteormate\",\"storageBucket\":\"meteormate.firebasestorage.app\"}","GCLOUD_PROJECT":"meteormate","EVENTARC_CLOUD_EVENT_SOURCE":"projects/meteormate/locations/us-central1/services/sendVerificationCode","FUNCTION_TARGET":"sendVerificationCode","LOG_EXECUTION_ID":"true"},"ingressSettings":"ALLOW_ALL","serviceAccountEmail":"820347775552-compute@developer.gserviceaccount.com","availableMemory":"256Mi","maxInstanceRequestConcurrency":80,"availableCpu":"1"},"labels":{"deployment-tool":"cli-firebase","deployment-callable":"true","firebase-functions-hash":"5803bf335719ba7ef508a40620d4be5a4d50c73e"},"environment":"GEN_2"},"stages":[{"name":"BUILD","state":"NOT_STARTED"},{"name":"SERVICE","state":"NOT_STARTED"}],"operationType":"CREATE_FUNCTION"},"done":false}
[debug] [2025-10-19T18:52:37.567Z] [create-default-us-central1-sendVerificationCode] Retrying task index 0
[debug] [2025-10-19T18:52:37.567Z] Checked if tokens are valid: true, expires at: 1760903340705
[debug] [2025-10-19T18:52:37.568Z] Checked if tokens are valid: true, expires at: 1760903340705
[debug] [2025-10-19T18:52:37.568Z] >>> [apiv2][query] GET https://cloudfunctions.googleapis.com/v2/projects/meteormate/locations/us-central1/operations/operation-1760899940397-64187776eb1d0-b0a55cfe-374dfbfc [none]
[debug] [2025-10-19T18:52:37.777Z] <<< [apiv2][status] GET https://cloudfunctions.googleapis.com/v2/projects/meteormate/locations/us-central1/operations/operation-1760899940397-64187776eb1d0-b0a55cfe-374dfbfc 200
[debug] [2025-10-19T18:52:37.777Z] <<< [apiv2][body] GET https://cloudfunctions.googleapis.com/v2/projects/meteormate/locations/us-central1/operations/operation-1760899940397-64187776eb1d0-b0a55cfe-374dfbfc {"name":"projects/meteormate/locations/us-central1/operations/operation-1760899940397-64187776eb1d0-b0a55cfe-374dfbfc","metadata":{"@type":"type.googleapis.com/google.cloud.functions.v2.OperationMetadata","createTime":"2025-10-19T18:52:21.396853240Z","target":"projects/meteormate/locations/us-central1/functions/sendVerificationCode","verb":"create","cancelRequested":false,"apiVersion":"v2","requestResource":{"@type":"type.googleapis.com/google.cloud.functions.v2.Function","name":"projects/meteormate/locations/us-central1/functions/sendVerificationCode","buildConfig":{"runtime":"nodejs22","entryPoint":"sendVerificationCode","source":{"storageSource":{"bucket":"gcf-v2-sources-820347775552-us-central1","object":"sendVerificationCode/function-source.zip","generation":"1760899941136434"}},"environmentVariables":{"GOOGLE_NODE_RUN_SCRIPTS":""},"serviceAccount":"projects/meteormate/serviceAccounts/820347775552-compute@developer.gserviceaccount.com","automaticUpdatePolicy":{}},"serviceConfig":{"service":"projects/meteormate/locations/us-central1/services/sendverificationcode","timeoutSeconds":60,"environmentVariables":{"FIREBASE_CONFIG":"{\"projectId\":\"meteormate\",\"storageBucket\":\"meteormate.firebasestorage.app\"}","GCLOUD_PROJECT":"meteormate","EVENTARC_CLOUD_EVENT_SOURCE":"projects/meteormate/locations/us-central1/services/sendVerificationCode","FUNCTION_TARGET":"sendVerificationCode","LOG_EXECUTION_ID":"true"},"ingressSettings":"ALLOW_ALL","serviceAccountEmail":"820347775552-compute@developer.gserviceaccount.com","availableMemory":"256Mi","maxInstanceRequestConcurrency":80,"availableCpu":"1"},"labels":{"deployment-tool":"cli-firebase","deployment-callable":"true","firebase-functions-hash":"5803bf335719ba7ef508a40620d4be5a4d50c73e"},"environment":"GEN_2"},"stages":[{"name":"BUILD","message":"Build in progress","state":"IN_PROGRESS","resource":"projects/820347775552/locations/us-central1/builds/42911597-33e1-469e-8db6-842b0295c381","resourceUri":"https://console.cloud.google.com/cloud-build/builds;region=us-central1/42911597-33e1-469e-8db6-842b0295c381?project=820347775552"},{"name":"SERVICE","state":"NOT_STARTED"}],"operationType":"CREATE_FUNCTION","buildName":"projects/820347775552/locations/us-central1/builds/42911597-33e1-469e-8db6-842b0295c381"},"done":false}
[debug] [2025-10-19T18:52:47.779Z] [create-default-us-central1-sendVerificationCode] Retrying task index 0
[debug] [2025-10-19T18:52:47.780Z] Checked if tokens are valid: true, expires at: 1760903340705
[debug] [2025-10-19T18:52:47.781Z] Checked if tokens are valid: true, expires at: 1760903340705
[debug] [2025-10-19T18:52:47.781Z] >>> [apiv2][query] GET https://cloudfunctions.googleapis.com/v2/projects/meteormate/locations/us-central1/operations/operation-1760899940397-64187776eb1d0-b0a55cfe-374dfbfc [none]
[debug] [2025-10-19T18:52:47.952Z] <<< [apiv2][status] GET https://cloudfunctions.googleapis.com/v2/projects/meteormate/locations/us-central1/operations/operation-1760899940397-64187776eb1d0-b0a55cfe-374dfbfc 200
[debug] [2025-10-19T18:52:47.952Z] <<< [apiv2][body] GET https://cloudfunctions.googleapis.com/v2/projects/meteormate/locations/us-central1/operations/operation-1760899940397-64187776eb1d0-b0a55cfe-374dfbfc {"name":"projects/meteormate/locations/us-central1/operations/operation-1760899940397-64187776eb1d0-b0a55cfe-374dfbfc","metadata":{"@type":"type.googleapis.com/google.cloud.functions.v2.OperationMetadata","createTime":"2025-10-19T18:52:21.396853240Z","target":"projects/meteormate/locations/us-central1/functions/sendVerificationCode","verb":"create","cancelRequested":false,"apiVersion":"v2","requestResource":{"@type":"type.googleapis.com/google.cloud.functions.v2.Function","name":"projects/meteormate/locations/us-central1/functions/sendVerificationCode","buildConfig":{"runtime":"nodejs22","entryPoint":"sendVerificationCode","source":{"storageSource":{"bucket":"gcf-v2-sources-820347775552-us-central1","object":"sendVerificationCode/function-source.zip","generation":"1760899941136434"}},"environmentVariables":{"GOOGLE_NODE_RUN_SCRIPTS":""},"serviceAccount":"projects/meteormate/serviceAccounts/820347775552-compute@developer.gserviceaccount.com","automaticUpdatePolicy":{}},"serviceConfig":{"service":"projects/meteormate/locations/us-central1/services/sendverificationcode","timeoutSeconds":60,"environmentVariables":{"FIREBASE_CONFIG":"{\"projectId\":\"meteormate\",\"storageBucket\":\"meteormate.firebasestorage.app\"}","GCLOUD_PROJECT":"meteormate","EVENTARC_CLOUD_EVENT_SOURCE":"projects/meteormate/locations/us-central1/services/sendVerificationCode","FUNCTION_TARGET":"sendVerificationCode","LOG_EXECUTION_ID":"true"},"ingressSettings":"ALLOW_ALL","serviceAccountEmail":"820347775552-compute@developer.gserviceaccount.com","availableMemory":"256Mi","maxInstanceRequestConcurrency":80,"availableCpu":"1"},"labels":{"deployment-tool":"cli-firebase","deployment-callable":"true","firebase-functions-hash":"5803bf335719ba7ef508a40620d4be5a4d50c73e"},"environment":"GEN_2"},"stages":[{"name":"BUILD","message":"Build in progress","state":"IN_PROGRESS","resource":"projects/820347775552/locations/us-central1/builds/42911597-33e1-469e-8db6-842b0295c381","resourceUri":"https://console.cloud.google.com/cloud-build/builds;region=us-central1/42911597-33e1-469e-8db6-842b0295c381?project=820347775552"},{"name":"SERVICE","state":"NOT_STARTED"}],"operationType":"CREATE_FUNCTION","buildName":"projects/820347775552/locations/us-central1/builds/42911597-33e1-469e-8db6-842b0295c381"},"done":false}
[debug] [2025-10-19T18:52:57.953Z] [create-default-us-central1-sendVerificationCode] Retrying task index 0
[debug] [2025-10-19T18:52:57.954Z] Checked if tokens are valid: true, expires at: 1760903340705
[debug] [2025-10-19T18:52:57.954Z] Checked if tokens are valid: true, expires at: 1760903340705
[debug] [2025-10-19T18:52:57.954Z] >>> [apiv2][query] GET https://cloudfunctions.googleapis.com/v2/projects/meteormate/locations/us-central1/operations/operation-1760899940397-64187776eb1d0-b0a55cfe-374dfbfc [none]
[debug] [2025-10-19T18:52:58.192Z] <<< [apiv2][status] GET https://cloudfunctions.googleapis.com/v2/projects/meteormate/locations/us-central1/operations/operation-1760899940397-64187776eb1d0-b0a55cfe-374dfbfc 200
[debug] [2025-10-19T18:52:58.193Z] <<< [apiv2][body] GET https://cloudfunctions.googleapis.com/v2/projects/meteormate/locations/us-central1/operations/operation-1760899940397-64187776eb1d0-b0a55cfe-374dfbfc {"name":"projects/meteormate/locations/us-central1/operations/operation-1760899940397-64187776eb1d0-b0a55cfe-374dfbfc","metadata":{"@type":"type.googleapis.com/google.cloud.functions.v2.OperationMetadata","createTime":"2025-10-19T18:52:21.396853240Z","target":"projects/meteormate/locations/us-central1/functions/sendVerificationCode","verb":"create","cancelRequested":false,"apiVersion":"v2","requestResource":{"@type":"type.googleapis.com/google.cloud.functions.v2.Function","name":"projects/meteormate/locations/us-central1/functions/sendVerificationCode","buildConfig":{"runtime":"nodejs22","entryPoint":"sendVerificationCode","source":{"storageSource":{"bucket":"gcf-v2-sources-820347775552-us-central1","object":"sendVerificationCode/function-source.zip","generation":"1760899941136434"}},"environmentVariables":{"GOOGLE_NODE_RUN_SCRIPTS":""},"serviceAccount":"projects/meteormate/serviceAccounts/820347775552-compute@developer.gserviceaccount.com","automaticUpdatePolicy":{}},"serviceConfig":{"service":"projects/meteormate/locations/us-central1/services/sendverificationcode","timeoutSeconds":60,"environmentVariables":{"FIREBASE_CONFIG":"{\"projectId\":\"meteormate\",\"storageBucket\":\"meteormate.firebasestorage.app\"}","GCLOUD_PROJECT":"meteormate","EVENTARC_CLOUD_EVENT_SOURCE":"projects/meteormate/locations/us-central1/services/sendVerificationCode","FUNCTION_TARGET":"sendVerificationCode","LOG_EXECUTION_ID":"true"},"ingressSettings":"ALLOW_ALL","serviceAccountEmail":"820347775552-compute@developer.gserviceaccount.com","availableMemory":"256Mi","maxInstanceRequestConcurrency":80,"availableCpu":"1"},"labels":{"deployment-tool":"cli-firebase","deployment-callable":"true","firebase-functions-hash":"5803bf335719ba7ef508a40620d4be5a4d50c73e"},"environment":"GEN_2"},"stages":[{"name":"BUILD","message":"Build in progress","state":"IN_PROGRESS","resource":"projects/820347775552/locations/us-central1/builds/42911597-33e1-469e-8db6-842b0295c381","resourceUri":"https://console.cloud.google.com/cloud-build/builds;region=us-central1/42911597-33e1-469e-8db6-842b0295c381?project=820347775552"},{"name":"SERVICE","state":"NOT_STARTED"}],"operationType":"CREATE_FUNCTION","buildName":"projects/820347775552/locations/us-central1/builds/42911597-33e1-469e-8db6-842b0295c381"},"done":false}
[debug] [2025-10-19T18:53:08.194Z] [create-default-us-central1-sendVerificationCode] Retrying task index 0
[debug] [2025-10-19T18:53:08.195Z] Checked if tokens are valid: true, expires at: 1760903340705
[debug] [2025-10-19T18:53:08.195Z] Checked if tokens are valid: true, expires at: 1760903340705
[debug] [2025-10-19T18:53:08.196Z] >>> [apiv2][query] GET https://cloudfunctions.googleapis.com/v2/projects/meteormate/locations/us-central1/operations/operation-1760899940397-64187776eb1d0-b0a55cfe-374dfbfc [none]
[debug] [2025-10-19T18:53:08.406Z] <<< [apiv2][status] GET https://cloudfunctions.googleapis.com/v2/projects/meteormate/locations/us-central1/operations/operation-1760899940397-64187776eb1d0-b0a55cfe-374dfbfc 200
[debug] [2025-10-19T18:53:08.406Z] <<< [apiv2][body] GET https://cloudfunctions.googleapis.com/v2/projects/meteormate/locations/us-central1/operations/operation-1760899940397-64187776eb1d0-b0a55cfe-374dfbfc {"name":"projects/meteormate/locations/us-central1/operations/operation-1760899940397-64187776eb1d0-b0a55cfe-374dfbfc","metadata":{"@type":"type.googleapis.com/google.cloud.functions.v2.OperationMetadata","createTime":"2025-10-19T18:52:21.396853240Z","target":"projects/meteormate/locations/us-central1/functions/sendVerificationCode","verb":"create","cancelRequested":false,"apiVersion":"v2","requestResource":{"@type":"type.googleapis.com/google.cloud.functions.v2.Function","name":"projects/meteormate/locations/us-central1/functions/sendVerificationCode","buildConfig":{"runtime":"nodejs22","entryPoint":"sendVerificationCode","source":{"storageSource":{"bucket":"gcf-v2-sources-820347775552-us-central1","object":"sendVerificationCode/function-source.zip","generation":"1760899941136434"}},"environmentVariables":{"GOOGLE_NODE_RUN_SCRIPTS":""},"serviceAccount":"projects/meteormate/serviceAccounts/820347775552-compute@developer.gserviceaccount.com","automaticUpdatePolicy":{}},"serviceConfig":{"service":"projects/meteormate/locations/us-central1/services/sendverificationcode","timeoutSeconds":60,"environmentVariables":{"FIREBASE_CONFIG":"{\"projectId\":\"meteormate\",\"storageBucket\":\"meteormate.firebasestorage.app\"}","GCLOUD_PROJECT":"meteormate","EVENTARC_CLOUD_EVENT_SOURCE":"projects/meteormate/locations/us-central1/services/sendVerificationCode","FUNCTION_TARGET":"sendVerificationCode","LOG_EXECUTION_ID":"true"},"ingressSettings":"ALLOW_ALL","serviceAccountEmail":"820347775552-compute@developer.gserviceaccount.com","availableMemory":"256Mi","maxInstanceRequestConcurrency":80,"availableCpu":"1"},"labels":{"deployment-tool":"cli-firebase","deployment-callable":"true","firebase-functions-hash":"5803bf335719ba7ef508a40620d4be5a4d50c73e"},"environment":"GEN_2"},"stages":[{"name":"BUILD","message":"Build in progress","state":"IN_PROGRESS","resource":"projects/820347775552/locations/us-central1/builds/42911597-33e1-469e-8db6-842b0295c381","resourceUri":"https://console.cloud.google.com/cloud-build/builds;region=us-central1/42911597-33e1-469e-8db6-842b0295c381?project=820347775552"},{"name":"SERVICE","state":"NOT_STARTED"}],"operationType":"CREATE_FUNCTION","buildName":"projects/820347775552/locations/us-central1/builds/42911597-33e1-469e-8db6-842b0295c381"},"done":false}
[debug] [2025-10-19T18:53:18.408Z] [create-default-us-central1-sendVerificationCode] Retrying task index 0
[debug] [2025-10-19T18:53:18.408Z] Checked if tokens are valid: true, expires at: 1760903340705
[debug] [2025-10-19T18:53:18.408Z] Checked if tokens are valid: true, expires at: 1760903340705
[debug] [2025-10-19T18:53:18.409Z] >>> [apiv2][query] GET https://cloudfunctions.googleapis.com/v2/projects/meteormate/locations/us-central1/operations/operation-1760899940397-64187776eb1d0-b0a55cfe-374dfbfc [none]
[debug] [2025-10-19T18:53:18.609Z] <<< [apiv2][status] GET https://cloudfunctions.googleapis.com/v2/projects/meteormate/locations/us-central1/operations/operation-1760899940397-64187776eb1d0-b0a55cfe-374dfbfc 200
[debug] [2025-10-19T18:53:18.609Z] <<< [apiv2][body] GET https://cloudfunctions.googleapis.com/v2/projects/meteormate/locations/us-central1/operations/operation-1760899940397-64187776eb1d0-b0a55cfe-374dfbfc {"name":"projects/meteormate/locations/us-central1/operations/operation-1760899940397-64187776eb1d0-b0a55cfe-374dfbfc","metadata":{"@type":"type.googleapis.com/google.cloud.functions.v2.OperationMetadata","createTime":"2025-10-19T18:52:21.396853240Z","target":"projects/meteormate/locations/us-central1/functions/sendVerificationCode","verb":"create","cancelRequested":false,"apiVersion":"v2","requestResource":{"@type":"type.googleapis.com/google.cloud.functions.v2.Function","name":"projects/meteormate/locations/us-central1/functions/sendVerificationCode","buildConfig":{"runtime":"nodejs22","entryPoint":"sendVerificationCode","source":{"storageSource":{"bucket":"gcf-v2-sources-820347775552-us-central1","object":"sendVerificationCode/function-source.zip","generation":"1760899941136434"}},"environmentVariables":{"GOOGLE_NODE_RUN_SCRIPTS":""},"serviceAccount":"projects/meteormate/serviceAccounts/820347775552-compute@developer.gserviceaccount.com","automaticUpdatePolicy":{}},"serviceConfig":{"service":"projects/meteormate/locations/us-central1/services/sendverificationcode","timeoutSeconds":60,"environmentVariables":{"FIREBASE_CONFIG":"{\"projectId\":\"meteormate\",\"storageBucket\":\"meteormate.firebasestorage.app\"}","GCLOUD_PROJECT":"meteormate","EVENTARC_CLOUD_EVENT_SOURCE":"projects/meteormate/locations/us-central1/services/sendVerificationCode","FUNCTION_TARGET":"sendVerificationCode","LOG_EXECUTION_ID":"true"},"ingressSettings":"ALLOW_ALL","serviceAccountEmail":"820347775552-compute@developer.gserviceaccount.com","availableMemory":"256Mi","maxInstanceRequestConcurrency":80,"availableCpu":"1"},"labels":{"deployment-tool":"cli-firebase","deployment-callable":"true","firebase-functions-hash":"5803bf335719ba7ef508a40620d4be5a4d50c73e"},"environment":"GEN_2"},"stages":[{"name":"BUILD","message":"Build in progress","state":"IN_PROGRESS","resource":"projects/820347775552/locations/us-central1/builds/42911597-33e1-469e-8db6-842b0295c381","resourceUri":"https://console.cloud.google.com/cloud-build/builds;region=us-central1/42911597-33e1-469e-8db6-842b0295c381?project=820347775552"},{"name":"SERVICE","state":"NOT_STARTED"}],"operationType":"CREATE_FUNCTION","buildName":"projects/820347775552/locations/us-central1/builds/42911597-33e1-469e-8db6-842b0295c381"},"done":false}
[debug] [2025-10-19T18:53:28.611Z] [create-default-us-central1-sendVerificationCode] Retrying task index 0
[debug] [2025-10-19T18:53:28.612Z] Checked if tokens are valid: true, expires at: 1760903340705
[debug] [2025-10-19T18:53:28.612Z] Checked if tokens are valid: true, expires at: 1760903340705
[debug] [2025-10-19T18:53:28.612Z] >>> [apiv2][query] GET https://cloudfunctions.googleapis.com/v2/projects/meteormate/locations/us-central1/operations/operation-1760899940397-64187776eb1d0-b0a55cfe-374dfbfc [none]
[debug] [2025-10-19T18:53:28.775Z] <<< [apiv2][status] GET https://cloudfunctions.googleapis.com/v2/projects/meteormate/locations/us-central1/operations/operation-1760899940397-64187776eb1d0-b0a55cfe-374dfbfc 200
[debug] [2025-10-19T18:53:28.776Z] <<< [apiv2][body] GET https://cloudfunctions.googleapis.com/v2/projects/meteormate/locations/us-central1/operations/operation-1760899940397-64187776eb1d0-b0a55cfe-374dfbfc {"name":"projects/meteormate/locations/us-central1/operations/operation-1760899940397-64187776eb1d0-b0a55cfe-374dfbfc","metadata":{"@type":"type.googleapis.com/google.cloud.functions.v2.OperationMetadata","createTime":"2025-10-19T18:52:21.396853240Z","target":"projects/meteormate/locations/us-central1/functions/sendVerificationCode","verb":"create","cancelRequested":false,"apiVersion":"v2","requestResource":{"@type":"type.googleapis.com/google.cloud.functions.v2.Function","name":"projects/meteormate/locations/us-central1/functions/sendVerificationCode","buildConfig":{"runtime":"nodejs22","entryPoint":"sendVerificationCode","source":{"storageSource":{"bucket":"gcf-v2-sources-820347775552-us-central1","object":"sendVerificationCode/function-source.zip","generation":"1760899941136434"}},"environmentVariables":{"GOOGLE_NODE_RUN_SCRIPTS":""},"serviceAccount":"projects/meteormate/serviceAccounts/820347775552-compute@developer.gserviceaccount.com","automaticUpdatePolicy":{}},"serviceConfig":{"service":"projects/meteormate/locations/us-central1/services/sendverificationcode","timeoutSeconds":60,"environmentVariables":{"FIREBASE_CONFIG":"{\"projectId\":\"meteormate\",\"storageBucket\":\"meteormate.firebasestorage.app\"}","GCLOUD_PROJECT":"meteormate","EVENTARC_CLOUD_EVENT_SOURCE":"projects/meteormate/locations/us-central1/services/sendVerificationCode","FUNCTION_TARGET":"sendVerificationCode","LOG_EXECUTION_ID":"true"},"ingressSettings":"ALLOW_ALL","serviceAccountEmail":"820347775552-compute@developer.gserviceaccount.com","availableMemory":"256Mi","maxInstanceRequestConcurrency":80,"availableCpu":"1"},"labels":{"deployment-tool":"cli-firebase","deployment-callable":"true","firebase-functions-hash":"5803bf335719ba7ef508a40620d4be5a4d50c73e"},"environment":"GEN_2"},"stages":[{"name":"BUILD","message":"Build in progress","state":"IN_PROGRESS","resource":"projects/820347775552/locations/us-central1/builds/42911597-33e1-469e-8db6-842b0295c381","resourceUri":"https://console.cloud.google.com/cloud-build/builds;region=us-central1/42911597-33e1-469e-8db6-842b0295c381?project=820347775552"},{"name":"SERVICE","state":"NOT_STARTED"}],"operationType":"CREATE_FUNCTION","buildName":"projects/820347775552/locations/us-central1/builds/42911597-33e1-469e-8db6-842b0295c381"},"done":false}
[debug] [2025-10-19T18:53:38.777Z] [create-default-us-central1-sendVerificationCode] Retrying task index 0
[debug] [2025-10-19T18:53:38.777Z] Checked if tokens are valid: true, expires at: 1760903340705
[debug] [2025-10-19T18:53:38.777Z] Checked if tokens are valid: true, expires at: 1760903340705
[debug] [2025-10-19T18:53:38.778Z] >>> [apiv2][query] GET https://cloudfunctions.googleapis.com/v2/projects/meteormate/locations/us-central1/operations/operation-1760899940397-64187776eb1d0-b0a55cfe-374dfbfc [none]
[debug] [2025-10-19T18:53:38.946Z] <<< [apiv2][status] GET https://cloudfunctions.googleapis.com/v2/projects/meteormate/locations/us-central1/operations/operation-1760899940397-64187776eb1d0-b0a55cfe-374dfbfc 200
[debug] [2025-10-19T18:53:38.946Z] <<< [apiv2][body] GET https://cloudfunctions.googleapis.com/v2/projects/meteormate/locations/us-central1/operations/operation-1760899940397-64187776eb1d0-b0a55cfe-374dfbfc {"name":"projects/meteormate/locations/us-central1/operations/operation-1760899940397-64187776eb1d0-b0a55cfe-374dfbfc","metadata":{"@type":"type.googleapis.com/google.cloud.functions.v2.OperationMetadata","createTime":"2025-10-19T18:52:21.396853240Z","target":"projects/meteormate/locations/us-central1/functions/sendVerificationCode","verb":"create","cancelRequested":false,"apiVersion":"v2","requestResource":{"@type":"type.googleapis.com/google.cloud.functions.v2.Function","name":"projects/meteormate/locations/us-central1/functions/sendVerificationCode","buildConfig":{"runtime":"nodejs22","entryPoint":"sendVerificationCode","source":{"storageSource":{"bucket":"gcf-v2-sources-820347775552-us-central1","object":"sendVerificationCode/function-source.zip","generation":"1760899941136434"}},"environmentVariables":{"GOOGLE_NODE_RUN_SCRIPTS":""},"serviceAccount":"projects/meteormate/serviceAccounts/820347775552-compute@developer.gserviceaccount.com","automaticUpdatePolicy":{}},"serviceConfig":{"service":"projects/meteormate/locations/us-central1/services/sendverificationcode","timeoutSeconds":60,"environmentVariables":{"FIREBASE_CONFIG":"{\"projectId\":\"meteormate\",\"storageBucket\":\"meteormate.firebasestorage.app\"}","GCLOUD_PROJECT":"meteormate","EVENTARC_CLOUD_EVENT_SOURCE":"projects/meteormate/locations/us-central1/services/sendVerificationCode","FUNCTION_TARGET":"sendVerificationCode","LOG_EXECUTION_ID":"true"},"ingressSettings":"ALLOW_ALL","serviceAccountEmail":"820347775552-compute@developer.gserviceaccount.com","availableMemory":"256Mi","maxInstanceRequestConcurrency":80,"availableCpu":"1"},"labels":{"deployment-tool":"cli-firebase","deployment-callable":"true","firebase-functions-hash":"5803bf335719ba7ef508a40620d4be5a4d50c73e"},"environment":"GEN_2"},"stages":[{"name":"BUILD","message":"Build finished","state":"COMPLETE","resource":"projects/820347775552/locations/us-central1/builds/42911597-33e1-469e-8db6-842b0295c381","resourceUri":"https://console.cloud.google.com/cloud-build/builds;region=us-central1/42911597-33e1-469e-8db6-842b0295c381?project=820347775552"},{"name":"SERVICE","message":"Creating Cloud Run service","state":"IN_PROGRESS","resource":"projects/meteormate/locations/us-central1/services/sendverificationcode","resourceUri":"https://console.cloud.google.com/run/detail/us-central1/sendverificationcode?project=meteormate"}],"sourceToken":"Cldwcm9qZWN0cy84MjAzNDc3NzU1NTIvbG9jYXRpb25zL3VzLWNlbnRyYWwxL2J1aWxkcy80MjkxMTU5Ny0zM2UxLTQ2OWUtOGRiNi04NDJiMDI5NWMzODESbnVzLWNlbnRyYWwxLWRvY2tlci5wa2cuZGV2L21ldGVvcm1hdGUvZ2NmLWFydGlmYWN0cy9tZXRlb3JtYXRlX191cy0tY2VudHJhbDFfX3NlbmRfdmVyaWZpY2F0aW9uX2NvZGU6dmVyc2lvbl8xGMDUpoTwFyJIcHJvamVjdHMvbWV0ZW9ybWF0ZS9sb2NhdGlvbnMvdXMtY2VudHJhbDEvZnVuY3Rpb25zL3NlbmRWZXJpZmljYXRpb25Db2RlKgwIr+fUxwYQ8JKkggEyCG5vZGVqczIyOnYKI2djci5pby9nYWUtcnVudGltZXMvbm9kZWpzMjI6c3RhYmxlEk91cy1jZW50cmFsMS1kb2NrZXIucGtnLmRldi9zZXJ2ZXJsZXNzLXJ1bnRpbWVzL2dvb2dsZS0yMi1mdWxsL3J1bnRpbWVzL25vZGVqczIyQAE=","operationType":"CREATE_FUNCTION","buildName":"projects/820347775552/locations/us-central1/builds/42911597-33e1-469e-8db6-842b0295c381"},"done":false}
[debug] [2025-10-19T18:53:38.947Z] Got source token Cldwcm9qZWN0cy84MjAzNDc3NzU1NTIvbG9jYXRpb25zL3VzLWNlbnRyYWwxL2J1aWxkcy80MjkxMTU5Ny0zM2UxLTQ2OWUtOGRiNi04NDJiMDI5NWMzODESbnVzLWNlbnRyYWwxLWRvY2tlci5wa2cuZGV2L21ldGVvcm1hdGUvZ2NmLWFydGlmYWN0cy9tZXRlb3JtYXRlX191cy0tY2VudHJhbDFfX3NlbmRfdmVyaWZpY2F0aW9uX2NvZGU6dmVyc2lvbl8xGMDUpoTwFyJIcHJvamVjdHMvbWV0ZW9ybWF0ZS9sb2NhdGlvbnMvdXMtY2VudHJhbDEvZnVuY3Rpb25zL3NlbmRWZXJpZmljYXRpb25Db2RlKgwIr+fUxwYQ8JKkggEyCG5vZGVqczIyOnYKI2djci5pby9nYWUtcnVudGltZXMvbm9kZWpzMjI6c3RhYmxlEk91cy1jZW50cmFsMS1kb2NrZXIucGtnLmRldi9zZXJ2ZXJsZXNzLXJ1bnRpbWVzL2dvb2dsZS0yMi1mdWxsL3J1bnRpbWVzL25vZGVqczIyQAE= for region us-central1
[debug] [2025-10-19T18:53:48.948Z] [create-default-us-central1-sendVerificationCode] Retrying task index 0
[debug] [2025-10-19T18:53:48.949Z] Checked if tokens are valid: true, expires at: 1760903340705
[debug] [2025-10-19T18:53:48.949Z] Checked if tokens are valid: true, expires at: 1760903340705
[debug] [2025-10-19T18:53:48.949Z] >>> [apiv2][query] GET https://cloudfunctions.googleapis.com/v2/projects/meteormate/locations/us-central1/operations/operation-1760899940397-64187776eb1d0-b0a55cfe-374dfbfc [none]
[debug] [2025-10-19T18:53:49.149Z] <<< [apiv2][status] GET https://cloudfunctions.googleapis.com/v2/projects/meteormate/locations/us-central1/operations/operation-1760899940397-64187776eb1d0-b0a55cfe-374dfbfc 200
[debug] [2025-10-19T18:53:49.149Z] <<< [apiv2][body] GET https://cloudfunctions.googleapis.com/v2/projects/meteormate/locations/us-central1/operations/operation-1760899940397-64187776eb1d0-b0a55cfe-374dfbfc {"name":"projects/meteormate/locations/us-central1/operations/operation-1760899940397-64187776eb1d0-b0a55cfe-374dfbfc","metadata":{"@type":"type.googleapis.com/google.cloud.functions.v2.OperationMetadata","createTime":"2025-10-19T18:52:21.396853240Z","endTime":"2025-10-19T18:53:46.172227737Z","target":"projects/meteormate/locations/us-central1/functions/sendVerificationCode","verb":"create","cancelRequested":false,"apiVersion":"v2","requestResource":{"@type":"type.googleapis.com/google.cloud.functions.v2.Function","name":"projects/meteormate/locations/us-central1/functions/sendVerificationCode","buildConfig":{"runtime":"nodejs22","entryPoint":"sendVerificationCode","source":{"storageSource":{"bucket":"gcf-v2-sources-820347775552-us-central1","object":"sendVerificationCode/function-source.zip","generation":"1760899941136434"}},"environmentVariables":{"GOOGLE_NODE_RUN_SCRIPTS":""},"serviceAccount":"projects/meteormate/serviceAccounts/820347775552-compute@developer.gserviceaccount.com","automaticUpdatePolicy":{}},"serviceConfig":{"service":"projects/meteormate/locations/us-central1/services/sendverificationcode","timeoutSeconds":60,"environmentVariables":{"FIREBASE_CONFIG":"{\"projectId\":\"meteormate\",\"storageBucket\":\"meteormate.firebasestorage.app\"}","GCLOUD_PROJECT":"meteormate","EVENTARC_CLOUD_EVENT_SOURCE":"projects/meteormate/locations/us-central1/services/sendVerificationCode","FUNCTION_TARGET":"sendVerificationCode","LOG_EXECUTION_ID":"true"},"ingressSettings":"ALLOW_ALL","serviceAccountEmail":"820347775552-compute@developer.gserviceaccount.com","availableMemory":"256Mi","maxInstanceRequestConcurrency":80,"availableCpu":"1"},"labels":{"deployment-tool":"cli-firebase","deployment-callable":"true","firebase-functions-hash":"5803bf335719ba7ef508a40620d4be5a4d50c73e"},"environment":"GEN_2"},"stages":[{"name":"ARTIFACT_REGISTRY","message":"Deleting function artifacts in Artifact Registry","state":"COMPLETE"},{"name":"SERVICE","message":"Deleting Cloud Run service","state":"COMPLETE","resource":"projects/meteormate/locations/us-central1/services/sendverificationcode"}],"operationType":"CREATE_FUNCTION"},"done":true,"error":{"code":3,"message":"Could not create or update Cloud Run service sendverificationcode, Container Healthcheck failed. Revision 'sendverificationcode-00001-xol' is not ready and cannot serve traffic. The user-provided container failed to start and listen on the port defined provided by the PORT=8080 environment variable within the allocated timeout. This can happen when the container port is misconfigured or if the timeout is too short. The health check timeout can be extended. Logs for this revision might contain more information.\n\nLogs URL: https://console.cloud.google.com/logs/viewer?project=meteormate&resource=cloud_run_revision/service_name/sendverificationcode/revision_name/sendverificationcode-00001-xol&advancedFilter=resource.type%3D%22cloud_run_revision%22%0Aresource.labels.service_name%3D%22sendverificationcode%22%0Aresource.labels.revision_name%3D%22sendverificationcode-00001-xol%22 \nFor more troubleshooting guidance, see https://cloud.google.com/run/docs/troubleshooting#container-failed-to-start"}}
[debug] [2025-10-19T18:53:49.149Z] Got source token undefined for region us-central1
[error] Could not create or update Cloud Run service sendverificationcode, Container Healthcheck failed. Revision 'sendverificationcode-00001-xol' is not ready and cannot serve traffic. The user-provided container failed to start and listen on the port defined provided by the PORT=8080 environment variable within the allocated timeout. This can happen when the container port is misconfigured or if the timeout is too short. The health check timeout can be extended. Logs for this revision might contain more information.

Logs URL: https://console.cloud.google.com/logs/viewer?project=meteormate&resource=cloud_run_revision/service_name/sendverificationcode/revision_name/sendverificationcode-00001-xol&advancedFilter=resource.type%3D%22cloud_run_revision%22%0Aresource.labels.service_name%3D%22sendverificationcode%22%0Aresource.labels.revision_name%3D%22sendverificationcode-00001-xol%22 
For more troubleshooting guidance, see https://cloud.google.com/run/docs/troubleshooting#container-failed-to-start
[debug] [2025-10-19T18:53:49.153Z] Total Function Deployment time: 88973
[debug] [2025-10-19T18:53:49.153Z] 1 Functions Deployed
[debug] [2025-10-19T18:53:49.153Z] 1 Functions Errored
[debug] [2025-10-19T18:53:49.153Z] 0 Function Deployments Aborted
[debug] [2025-10-19T18:53:49.153Z] Average Function Deployment time: 88972
[info] 
[info] Functions deploy had errors with the following functions:
	sendVerificationCode(us-central1)
[debug] [2025-10-19T18:53:49.154Z] Checked if tokens are valid: true, expires at: 1760903340705
[debug] [2025-10-19T18:53:49.155Z] Checked if tokens are valid: true, expires at: 1760903340705
[debug] [2025-10-19T18:53:49.155Z] >>> [apiv2][query] GET https://artifactregistry.googleapis.com/v1/projects/meteormate/locations/us-central1/repositories/gcf-artifacts [none]
[debug] [2025-10-19T18:53:49.412Z] <<< [apiv2][status] GET https://artifactregistry.googleapis.com/v1/projects/meteormate/locations/us-central1/repositories/gcf-artifacts 200
[debug] [2025-10-19T18:53:49.412Z] <<< [apiv2][body] GET https://artifactregistry.googleapis.com/v1/projects/meteormate/locations/us-central1/repositories/gcf-artifacts {"name":"projects/meteormate/locations/us-central1/repositories/gcf-artifacts","format":"DOCKER","description":"This repository is created and used by Cloud Functions for storing function docker images.","labels":{"goog-managed-by":"cloudfunctions"},"createTime":"2025-10-19T18:52:29.763240Z","updateTime":"2025-10-19T18:53:45.912588Z","mode":"STANDARD_REPOSITORY","sizeBytes":"98163650","vulnerabilityScanningConfig":{"lastEnableTime":"2025-10-19T18:52:21.593890437Z","enablementState":"SCANNING_DISABLED","enablementStateReason":"API containerscanning.googleapis.com is not enabled."},"satisfiesPzi":true,"registryUri":"us-central1-docker.pkg.dev/meteormate/gcf-artifacts"}
[warn] ⚠  functions: No cleanup policy detected for repositories in us-central1. This may result in a small monthly bill as container images accumulate over time. 
[debug] [2025-10-19T18:55:05.805Z] ExitPromptError: User force closed the prompt with SIGINT
    at Interface.sigint (/opt/homebrew/lib/node_modules/firebase-tools/node_modules/@inquirer/core/dist/commonjs/lib/create-prompt.js:101:37)
    at Interface.emit (node:events:507:28)
    at Interface.emit (node:domain:489:12)
    at [_ttyWrite] [as _ttyWrite] (node:internal/readline/interface:1129:18)
    at ReadStream.onkeypress (node:internal/readline/interface:268:20)
    at ReadStream.emit (node:events:519:35)
    at ReadStream.emit (node:domain:489:12)
    at emitKeys (node:internal/readline/utils:370:14)
    at emitKeys.next (<anonymous>)
    at ReadStream.onData (node:internal/readline/emitKeypressEvents:64:36)
[error] 
[error] Error: An unexpected error has occurred.
